This is pdfTeX, Version 3.141592653-2.6-1.40.27 (TeX Live 2025) (preloaded format=pdflatex 2025.4.2)  26 DEC 2025 11:34
entering extended mode
 \write18 enabled.
 file:line:error style messages enabled.
 %&-line parsing enabled.
**overview_longtable_doc
(./overview_longtable_doc.tex
LaTeX2e <2024-11-01> patch level 2
L3 programming layer <2025-01-18>
(/opt/texlive/2025/texmf-dist/tex/latex/base/article.cls
Document Class: article 2024/06/29 v1.4n Standard LaTeX document class
(/opt/texlive/2025/texmf-dist/tex/latex/base/size10.clo
File: size10.clo 2024/06/29 v1.4n Standard LaTeX file (size option)
)
\c@part=\count196
\c@section=\count197
\c@subsection=\count198
\c@subsubsection=\count199
\c@paragraph=\count266
\c@subparagraph=\count267
\c@figure=\count268
\c@table=\count269
\abovecaptionskip=\skip49
\belowcaptionskip=\skip50
\bibindent=\dimen141
)
(/opt/texlive/2025/texmf-dist/tex/latex/booktabs/booktabs.sty
Package: booktabs 2020/01/12 v1.61803398 Publication quality tables
\heavyrulewidth=\dimen142
\lightrulewidth=\dimen143
\cmidrulewidth=\dimen144
\belowrulesep=\dimen145
\belowbottomsep=\dimen146
\aboverulesep=\dimen147
\abovetopsep=\dimen148
\cmidrulesep=\dimen149
\cmidrulekern=\dimen150
\defaultaddspace=\dimen151
\@cmidla=\count270
\@cmidlb=\count271
\@aboverulesep=\dimen152
\@belowrulesep=\dimen153
\@thisruleclass=\count272
\@lastruleclass=\count273
\@thisrulewidth=\dimen154
)
(/opt/texlive/2025/texmf-dist/tex/latex/tools/longtable.sty
Package: longtable 2024-10-27 v4.22 Multi-page Table package (DPC)
\LTleft=\skip51
\LTright=\skip52
\LTpre=\skip53
\LTpost=\skip54
\LTchunksize=\count274
\LTcapwidth=\dimen155
\LT@head=\box52
\LT@firsthead=\box53
\LT@foot=\box54
\LT@lastfoot=\box55
\LT@gbox=\box56
\LT@cols=\count275
\LT@rows=\count276
\c@LT@tables=\count277
\c@LT@chunks=\count278
\LT@p@ftn=\toks17
)
(/opt/texlive/2025/texmf-dist/tex/latex/geometry/geometry.sty
Package: geometry 2020/01/02 v5.9 Page Geometry

(/opt/texlive/2025/texmf-dist/tex/latex/graphics/keyval.sty
Package: keyval 2022/05/29 v1.15 key=value parser (DPC)
\KV@toks@=\toks18
)
(/opt/texlive/2025/texmf-dist/tex/generic/iftex/ifvtex.sty
Package: ifvtex 2019/10/25 v1.7 ifvtex legacy package. Use iftex instead.

(/opt/texlive/2025/texmf-dist/tex/generic/iftex/iftex.sty
Package: iftex 2024/12/12 v1.0g TeX engine tests
))
\Gm@cnth=\count279
\Gm@cntv=\count280
\c@Gm@tempcnt=\count281
\Gm@bindingoffset=\dimen156
\Gm@wd@mp=\dimen157
\Gm@odd@mp=\dimen158
\Gm@even@mp=\dimen159
\Gm@layoutwidth=\dimen160
\Gm@layoutheight=\dimen161
\Gm@layouthoffset=\dimen162
\Gm@layoutvoffset=\dimen163
\Gm@dimlist=\toks19
)
(/opt/texlive/2025/texmf-dist/tex/latex/l3backend/l3backend-pdftex.def
File: l3backend-pdftex.def 2024-05-08 L3 backend support: PDF output (pdfTeX)
\l__color_backend_stack_int=\count282
\l__pdf_internal_box=\box57
)
(./overview_longtable_doc.aux)
\openout1 = `overview_longtable_doc.aux'.

LaTeX Font Info:    Checking defaults for OML/cmm/m/it on input line 5.
LaTeX Font Info:    ... okay on input line 5.
LaTeX Font Info:    Checking defaults for OMS/cmsy/m/n on input line 5.
LaTeX Font Info:    ... okay on input line 5.
LaTeX Font Info:    Checking defaults for OT1/cmr/m/n on input line 5.
LaTeX Font Info:    ... okay on input line 5.
LaTeX Font Info:    Checking defaults for T1/cmr/m/n on input line 5.
LaTeX Font Info:    ... okay on input line 5.
LaTeX Font Info:    Checking defaults for TS1/cmr/m/n on input line 5.
LaTeX Font Info:    ... okay on input line 5.
LaTeX Font Info:    Checking defaults for OMX/cmex/m/n on input line 5.
LaTeX Font Info:    ... okay on input line 5.
LaTeX Font Info:    Checking defaults for U/cmr/m/n on input line 5.
LaTeX Font Info:    ... okay on input line 5.

*geometry* driver: auto-detecting
*geometry* detected driver: pdftex
*geometry* verbose mode - [ preamble ] result:
* driver: pdftex
* paper: <default>
* layout: <same size as paper>
* layoutoffset:(h,v)=(0.0pt,0.0pt)
* modes: 
* h-part:(L,W,R)=(72.26999pt, 469.75502pt, 72.26999pt)
* v-part:(T,H,B)=(72.26999pt, 650.43001pt, 72.26999pt)
* \paperwidth=614.295pt
* \paperheight=794.96999pt
* \textwidth=469.75502pt
* \textheight=650.43001pt
* \oddsidemargin=0.0pt
* \evensidemargin=0.0pt
* \topmargin=-37.0pt
* \headheight=12.0pt
* \headsep=25.0pt
* \topskip=10.0pt
* \footskip=30.0pt
* \marginparwidth=65.0pt
* \marginparsep=11.0pt
* \columnsep=10.0pt
* \skip\footins=9.0pt plus 4.0pt minus 2.0pt
* \hoffset=0.0pt
* \voffset=0.0pt
* \mag=1000
* \@twocolumnfalse
* \@twosidefalse
* \@mparswitchfalse
* \@reversemarginfalse
* (1in=72.27pt=25.4mm, 1cm=28.453pt)


Overfull \hbox (156.70181pt too wide) in alignment at lines 7--11
 [] [] [] [] [] [] [] [] [] [] 
 []


Overfull \hbox (156.70181pt too wide) in alignment at lines 11--15
 [] [] [] [] [] [] [] [] [] [] 
 []


Overfull \hbox (156.70181pt too wide) in alignment at lines 15--19
 [] [] [] [] [] [] [] [] [] [] 
 []


Overfull \hbox (156.70181pt too wide) in alignment at lines 19--21
 [] [] [] [] [] [] [] [] [] [] 
 []


Overfull \hbox (156.70181pt too wide) in alignment at lines 21--222
 [] [] [] [] [] [] [] [] [] [] 
 []


Overfull \hbox (156.70181pt too wide) in alignment at lines 222--422
 [] [] [] [] [] [] [] [] [] [] 
 []

[1

{/opt/texlive/2025/texmf-var/fonts/map/pdftex/updmap/pdftex.map}] [2]
[3] [4]
Overfull \hbox (156.70181pt too wide) in alignment at lines 422--622
 [] [] [] [] [] [] [] [] [] [] 
 []

[5] [6] [7] [8]
Overfull \hbox (156.70181pt too wide) in alignment at lines 622--822
 [] [] [] [] [] [] [] [] [] [] 
 []

[9] [10] [11] [12]
Overfull \hbox (156.70181pt too wide) in alignment at lines 822--1022
 [] [] [] [] [] [] [] [] [] [] 
 []

[13] [14] [15] [16]
Overfull \hbox (156.70181pt too wide) in alignment at lines 1022--1222
 [] [] [] [] [] [] [] [] [] [] 
 []

[17] [18] [19] [20]
Overfull \hbox (156.70181pt too wide) in alignment at lines 1222--1422
 [] [] [] [] [] [] [] [] [] [] 
 []

[21] [22] [23] [24]
Overfull \hbox (156.70181pt too wide) in alignment at lines 1422--1622
 [] [] [] [] [] [] [] [] [] [] 
 []

[25] [26] [27] [28]
Overfull \hbox (156.70181pt too wide) in alignment at lines 1622--1822
 [] [] [] [] [] [] [] [] [] [] 
 []

[29] [30] [31] [32]
Overfull \hbox (156.70181pt too wide) in alignment at lines 1822--2022
 [] [] [] [] [] [] [] [] [] [] 
 []

[33] [34] [35] [36]
Overfull \hbox (156.70181pt too wide) in alignment at lines 2022--2222
 [] [] [] [] [] [] [] [] [] [] 
 []

[37] [38] [39] [40]
Overfull \hbox (156.70181pt too wide) in alignment at lines 2222--2422
 [] [] [] [] [] [] [] [] [] [] 
 []

[41] [42] [43] [44]
Overfull \hbox (156.70181pt too wide) in alignment at lines 2422--2622
 [] [] [] [] [] [] [] [] [] [] 
 []

[45] [46] [47] [48]
Overfull \hbox (156.70181pt too wide) in alignment at lines 2622--2822
 [] [] [] [] [] [] [] [] [] [] 
 []

[49] [50] [51] [52]
Overfull \hbox (156.70181pt too wide) in alignment at lines 2822--3022
 [] [] [] [] [] [] [] [] [] [] 
 []

[53] [54] [55] [56]
Overfull \hbox (156.70181pt too wide) in alignment at lines 3022--3222
 [] [] [] [] [] [] [] [] [] [] 
 []

[57] [58] [59] [60]
Overfull \hbox (156.70181pt too wide) in alignment at lines 3222--3422
 [] [] [] [] [] [] [] [] [] [] 
 []

[61] [62] [63] [64]
Overfull \hbox (156.70181pt too wide) in alignment at lines 3422--3622
 [] [] [] [] [] [] [] [] [] [] 
 []

[65] [66] [67] [68]
Overfull \hbox (156.70181pt too wide) in alignment at lines 3622--3822
 [] [] [] [] [] [] [] [] [] [] 
 []

[69] [70] [71] [72]
Overfull \hbox (156.70181pt too wide) in alignment at lines 3822--4022
 [] [] [] [] [] [] [] [] [] [] 
 []

[73] [74] [75] [76]
Overfull \hbox (156.70181pt too wide) in alignment at lines 4022--4222
 [] [] [] [] [] [] [] [] [] [] 
 []

[77] [78] [79] [80]
Overfull \hbox (156.70181pt too wide) in alignment at lines 4222--4422
 [] [] [] [] [] [] [] [] [] [] 
 []

[81] [82] [83] [84]
Overfull \hbox (156.70181pt too wide) in alignment at lines 4422--4622
 [] [] [] [] [] [] [] [] [] [] 
 []

[85] [86] [87] [88]
Overfull \hbox (156.70181pt too wide) in alignment at lines 4622--4822
 [] [] [] [] [] [] [] [] [] [] 
 []

[89] [90] [91] [92]
Overfull \hbox (156.70181pt too wide) in alignment at lines 4822--5022
 [] [] [] [] [] [] [] [] [] [] 
 []

[93] [94] [95] [96]
Overfull \hbox (156.70181pt too wide) in alignment at lines 5022--5222
 [] [] [] [] [] [] [] [] [] [] 
 []

[97] [98] [99] [100]
Overfull \hbox (156.70181pt too wide) in alignment at lines 5222--5422
 [] [] [] [] [] [] [] [] [] [] 
 []

[101] [102] [103] [104]
Overfull \hbox (156.70181pt too wide) in alignment at lines 5422--5622
 [] [] [] [] [] [] [] [] [] [] 
 []

[105] [106] [107] [108]
Overfull \hbox (156.70181pt too wide) in alignment at lines 5622--5822
 [] [] [] [] [] [] [] [] [] [] 
 []

[109] [110] [111] [112]
Overfull \hbox (156.70181pt too wide) in alignment at lines 5822--6022
 [] [] [] [] [] [] [] [] [] [] 
 []

[113] [114] [115] [116]
Overfull \hbox (156.70181pt too wide) in alignment at lines 6022--6222
 [] [] [] [] [] [] [] [] [] [] 
 []

[117] [118] [119] [120]
Overfull \hbox (156.70181pt too wide) in alignment at lines 6222--6422
 [] [] [] [] [] [] [] [] [] [] 
 []

[121] [122] [123] [124]
Overfull \hbox (156.70181pt too wide) in alignment at lines 6422--6622
 [] [] [] [] [] [] [] [] [] [] 
 []

[125] [126] [127] [128]
Overfull \hbox (156.70181pt too wide) in alignment at lines 6622--6822
 [] [] [] [] [] [] [] [] [] [] 
 []

[129] [130] [131] [132]
Overfull \hbox (156.70181pt too wide) in alignment at lines 6822--7022
 [] [] [] [] [] [] [] [] [] [] 
 []

[133] [134] [135] [136]
Overfull \hbox (156.70181pt too wide) in alignment at lines 7022--7222
 [] [] [] [] [] [] [] [] [] [] 
 []

[137] [138] [139] [140]
Overfull \hbox (156.70181pt too wide) in alignment at lines 7222--7422
 [] [] [] [] [] [] [] [] [] [] 
 []

[141] [142] [143] [144]
Overfull \hbox (156.70181pt too wide) in alignment at lines 7422--7522
 [] [] [] [] [] [] [] [] [] [] 
 []

[145] [146] [147] [148] [149] [150]

[151] (./overview_longtable_doc.aux)
 ***********
LaTeX2e <2024-11-01> patch level 2
L3 programming layer <2025-01-18>
 ***********
 ) 
Here is how much of TeX's memory you used:
 1221 strings out of 473190
 20445 string characters out of 5690799
 660314 words of memory out of 5000000
 24530 multiletter control sequences out of 15000+600000
 559442 words of font info for 38 fonts, out of 8000000 for 9000
 1141 hyphenation exceptions out of 8191
 57i,5n,65p,186b,253s stack positions out of 10000i,1000n,20000p,200000b,200000s
</opt/texlive/2025/texmf-dist/fonts/type1/public/amsfonts/cm/cmbx12.pfb></opt
/texlive/2025/texmf-dist/fonts/type1/public/amsfonts/cm/cmr10.pfb>
Output written on overview_longtable_doc.pdf (151 pages, 562113 bytes).
PDF statistics:
 502 PDF objects out of 1000 (max. 8388607)
 341 compressed objects within 4 object streams
 0 named destinations out of 1000 (max. 500000)
 1 words of extra memory for PDF output out of 10000 (max. 10000000)

